[2026-07-28T00:30:35.689Z] GET file:///Users/jopajopish/Desktop/avito-sites/demo/salon/index.html → 200 (2ms, 4351B)
[2026-07-28T00:30:35.695Z] GET https://fonts.googleapis.com/css2?family=Inter:wght@400;500;600&display=swap → 200 (287ms, 1192B)
[2026-07-28T00:30:35.695Z] GET file:///Users/jopajopish/Desktop/avito-sites/demo/redesign.css → 200 (2ms, 66824B)
[2026-07-28T00:30:35.696Z] GET file:///Users/jopajopish/Desktop/avito-sites/demo/redesign.js → 200 (2ms, 10274B)
[2026-07-28T00:30:35.985Z] GET file:///Users/jopajopish/Desktop/avito-sites/assets/salon.jpg → pending (?ms, ?B)
[2026-07-28T00:30:35.986Z] GET https://fonts.gstatic.com/s/inter/v20/UcC73FwrK3iLTeHuS_nVMrMxCp50SjIa0ZL7W0Q5n-wU.woff2 → 200 (229ms, 18871B)
[2026-07-28T00:30:35.986Z] GET https://fonts.gstatic.com/s/inter/v20/UcC73FwrK3iLTeHuS_nVMrMxCp50SjIa1ZL7W0Q5nw.woff2 → 200 (228ms, 48983B)
[2026-07-28T00:30:56.115Z] GET file:///Users/jopajopish/Desktop/avito-sites/demo/salon/index.html → 200 (1ms, 4351B)
[2026-07-28T00:30:56.119Z] GET https://fonts.googleapis.com/css2?family=Inter:wght@400;500;600&display=swap → 200 (1ms, -698B)
[2026-07-28T00:30:56.119Z] GET file:///Users/jopajopish/Desktop/avito-sites/demo/redesign.css → 200 (1ms, 66821B)
[2026-07-28T00:30:56.119Z] GET file:///Users/jopajopish/Desktop/avito-sites/demo/redesign.js → 200 (1ms, 10274B)
[2026-07-28T00:30:56.123Z] GET file:///Users/jopajopish/Desktop/avito-sites/demo/assets/salon.jpg → 200 (1ms, 319403B)
[2026-07-28T00:30:56.123Z] GET https://fonts.gstatic.com/s/inter/v20/UcC73FwrK3iLTeHuS_nVMrMxCp50SjIa0ZL7W0Q5n-wU.woff2 → 200 (1ms, -815B)
[2026-07-28T00:30:56.123Z] GET https://fonts.gstatic.com/s/inter/v20/UcC73FwrK3iLTeHuS_nVMrMxCp50SjIa1ZL7W0Q5nw.woff2 → 200 (7ms, -815B)
[2026-07-28T00:38:04.499Z] GET https://0xkayser.github.io/demo-sites/ → 200 (363ms, 2213B)
[2026-07-28T00:38:04.878Z] GET https://fonts.googleapis.com/css2?family=DM+Mono:wght@400;500&family=Inter:wght@400;500;600;700&display=swap → pending (?ms, ?B)
[2026-07-28T00:38:04.878Z] GET https://0xkayser.github.io/demo-sites/redesign.css → pending (?ms, ?B)
[2026-07-28T00:38:04.878Z] GET https://0xkayser.github.io/demo-sites/redesign.js → pending (?ms, ?B)
[2026-07-28T00:38:04.878Z] GET https://0xkayser.github.io/demo-sites/assets/salon.jpg → pending (?ms, ?B)
[2026-07-28T00:38:04.878Z] GET https://0xkayser.github.io/demo-sites/assets/autoservice.jpg → pending (?ms, ?B)
[2026-07-28T00:38:04.878Z] GET https://0xkayser.github.io/demo-sites/assets/tattoo.jpg → pending (?ms, ?B)
[2026-07-28T00:38:04.878Z] GET https://0xkayser.github.io/demo-sites/assets/detailing.jpg → pending (?ms, ?B)
[2026-07-28T00:38:04.878Z] GET https://0xkayser.github.io/demo-sites/assets/spa.jpg → pending (?ms, ?B)
[2026-07-28T00:38:04.878Z] GET https://0xkayser.github.io/demo-sites/assets/banya.jpg → pending (?ms, ?B)
[2026-07-28T00:38:04.878Z] GET https://0xkayser.github.io/demo-sites/assets/dental.jpg → pending (?ms, ?B)
[2026-07-28T00:38:06.158Z] GET https://fonts.gstatic.com/s/inter/v20/UcC73FwrK3iLTeHuS_nVMrMxCp50SjIa1ZL7W0Q5nw.woff2 → 200 (29ms, -815B)
[2026-07-28T00:38:06.158Z] GET https://fonts.gstatic.com/s/dmmono/v16/aFTU7PB1QTsUX8KYthqQBK6PYK0.woff2 → 200 (263ms, 8715B)
[2026-07-28T00:38:06.187Z] GET https://fonts.gstatic.com/s/inter/v20/UcC73FwrK3iLTeHuS_nVMrMxCp50SjIa0ZL7W0Q5n-wU.woff2 → 200 (2ms, -815B)
[2026-07-28T00:38:08.478Z] GET https://0xkayser.github.io/demo-sites/salon → 301 (176ms, 162B)
[2026-07-28T00:38:08.654Z] GET https://0xkayser.github.io/demo-sites/salon/ → 200 (212ms, 1978B)
[2026-07-28T00:38:08.872Z] GET https://fonts.googleapis.com/css2?family=Inter:wght@400;500;600&display=swap → 200 (3ms, -698B)
[2026-07-28T00:38:08.872Z] GET https://0xkayser.github.io/demo-sites/redesign.css → 200 (2ms, -694B)
[2026-07-28T00:38:08.875Z] GET https://0xkayser.github.io/demo-sites/redesign.js → 200 (?ms, -726B)
[2026-07-28T00:38:08.900Z] GET https://fonts.gstatic.com/s/inter/v20/UcC73FwrK3iLTeHuS_nVMrMxCp50SjIa0ZL7W0Q5n-wU.woff2 → 200 (?ms, -815B)
[2026-07-28T00:38:08.902Z] GET https://fonts.gstatic.com/s/inter/v20/UcC73FwrK3iLTeHuS_nVMrMxCp50SjIa1ZL7W0Q5nw.woff2 → 200 (?ms, -815B)
[2026-07-28T00:38:08.902Z] GET https://0xkayser.github.io/demo-sites/assets/salon.jpg → 200 (?ms, -656B)
[2026-07-28T00:38:11.300Z] GET https://0xkayser.github.io/demo-sites/banya → 301 (186ms, 162B)
[2026-07-28T00:38:11.486Z] GET https://0xkayser.github.io/demo-sites/banya/ → 200 (174ms, 2726B)
[2026-07-28T00:38:11.668Z] GET https://fonts.googleapis.com/css2?family=DM+Mono:wght@400;500&family=Inter:wght@400;500&display=swap → 200 (172ms, 808B)
[2026-07-28T00:38:11.668Z] GET https://0xkayser.github.io/demo-sites/redesign.css → 200 (?ms, -694B)
[2026-07-28T00:38:11.668Z] GET https://0xkayser.github.io/demo-sites/redesign.js → 200 (1ms, -726B)
[2026-07-28T00:38:11.844Z] GET https://fonts.gstatic.com/s/dmmono/v16/aFTU7PB1QTsUX8KYthqQBK6PYK0.woff2 → 200 (?ms, -814B)
[2026-07-28T00:38:11.844Z] GET https://fonts.gstatic.com/s/inter/v20/UcC73FwrK3iLTeHuS_nVMrMxCp50SjIa0ZL7W0Q5n-wU.woff2 → 200 (?ms, -815B)
[2026-07-28T00:38:11.845Z] GET https://fonts.gstatic.com/s/inter/v20/UcC73FwrK3iLTeHuS_nVMrMxCp50SjIa1ZL7W0Q5nw.woff2 → 200 (?ms, -815B)
[2026-07-28T00:38:11.853Z] GET https://fonts.gstatic.com/s/dmmono/v16/aFTU7PB1QTsUX8KYthSQBK6PYK3EXw.woff2 → pending (?ms, ?B)
[2026-07-28T00:38:14.154Z] GET https://0xkayser.github.io/demo-sites/tattoo → 301 (180ms, 162B)
[2026-07-28T00:38:14.334Z] GET https://0xkayser.github.io/demo-sites/tattoo/ → 200 (173ms, 2541B)
[2026-07-28T00:38:14.512Z] GET https://fonts.googleapis.com/css2?family=DM+Mono:wght@400;500&family=Inter:wght@400;500&family=Space+Grotesk:wght@500;600;700&display=swap → 200 (182ms, 933B)
[2026-07-28T00:38:14.512Z] GET https://0xkayser.github.io/demo-sites/redesign.css → 200 (?ms, -694B)
[2026-07-28T00:38:14.513Z] GET https://0xkayser.github.io/demo-sites/redesign.js → 200 (1ms, -726B)
[2026-07-28T00:38:14.702Z] GET https://fonts.gstatic.com/s/dmmono/v16/aFTU7PB1QTsUX8KYthSQBK6PYK3EXw.woff2 → 200 (?ms, -814B)
[2026-07-28T00:38:14.703Z] GET https://fonts.gstatic.com/s/dmmono/v16/aFTU7PB1QTsUX8KYthqQBK6PYK0.woff2 → 200 (?ms, -814B)
[2026-07-28T00:38:14.703Z] GET https://fonts.gstatic.com/s/inter/v20/UcC73FwrK3iLTeHuS_nVMrMxCp50SjIa0ZL7W0Q5n-wU.woff2 → 200 (?ms, -815B)
[2026-07-28T00:38:14.703Z] GET https://fonts.gstatic.com/s/inter/v20/UcC73FwrK3iLTeHuS_nVMrMxCp50SjIa1ZL7W0Q5nw.woff2 → 200 (?ms, -815B)
[2026-07-28T00:38:14.703Z] GET https://fonts.gstatic.com/s/spacegrotesk/v22/V8mDoQDjQSkFtoMM3T6r8E7mPbF4C_k3HqU.woff2 → 200 (75ms, 22349B)
[2026-07-28T00:38:14.703Z] GET https://fonts.gstatic.com/s/dmmono/v16/aFTR7PB1QTsUX8KYvumzEYOtbYf-Vlg.woff2 → 200 (56ms, 8751B)
[2026-07-28T00:38:16.977Z] GET https://0xkayser.github.io/demo-sites/detailing → 301 (276ms, 162B)
[2026-07-28T00:38:17.253Z] GET https://0xkayser.github.io/demo-sites/detailing/ → 200 (173ms, 2009B)
[2026-07-28T00:38:17.433Z] GET https://fonts.googleapis.com/css2?family=DM+Mono:wght@400;500&family=Space+Grotesk:wght@500;600;700&display=swap → 200 (175ms, 651B)
[2026-07-28T00:38:17.433Z] GET https://0xkayser.github.io/demo-sites/redesign.css → 200 (?ms, -694B)
[2026-07-28T00:38:17.433Z] GET https://0xkayser.github.io/demo-sites/redesign.js → 200 (1ms, -726B)
[2026-07-28T00:38:17.610Z] GET https://fonts.gstatic.com/s/dmmono/v16/aFTU7PB1QTsUX8KYthSQBK6PYK3EXw.woff2 → 200 (1ms, -814B)
[2026-07-28T00:38:17.611Z] GET https://fonts.gstatic.com/s/dmmono/v16/aFTU7PB1QTsUX8KYthqQBK6PYK0.woff2 → 200 (?ms, -814B)
[2026-07-28T00:38:17.611Z] GET https://fonts.gstatic.com/s/dmmono/v16/aFTR7PB1QTsUX8KYvumzEYOtbYf-Vlg.woff2 → 200 (?ms, -814B)
[2026-07-28T00:38:17.611Z] GET https://fonts.gstatic.com/s/spacegrotesk/v22/V8mDoQDjQSkFtoMM3T6r8E7mPbF4C_k3HqU.woff2 → 200 (?ms, -815B)
[2026-07-28T00:38:17.611Z] GET https://0xkayser.github.io/demo-sites/assets/detailing-before.jpg → pending (?ms, ?B)
[2026-07-28T00:38:17.611Z] GET https://0xkayser.github.io/demo-sites/assets/detailing-after.jpg → pending (?ms, ?B)
[2026-07-28T00:45:18.675Z] GET file:///Users/jopajopish/Desktop/avito-sites/demo/dental/index.html → 200 (1ms, 4628B)
[2026-07-28T00:45:18.735Z] GET https://fonts.googleapis.com/css2?family=DM+Mono:wght@400;500&family=Inter:wght@400;500&family=Space+Grotesk:wght@500;600;700&display=swap → 200 (2ms, -698B)
[2026-07-28T00:45:18.735Z] GET file:///Users/jopajopish/Desktop/avito-sites/demo/redesign.css → 200 (?ms, 71186B)
[2026-07-28T00:45:18.735Z] GET file:///Users/jopajopish/Desktop/avito-sites/demo/redesign.js → 200 (2ms, 10274B)
[2026-07-28T00:45:18.735Z] GET file:///Users/jopajopish/Desktop/avito-sites/demo/stage.js → 200 (2ms, 12291B)
[2026-07-28T00:45:18.805Z] GET https://fonts.gstatic.com/s/spacegrotesk/v22/V8mDoQDjQSkFtoMM3T6r8E7mPbF4C_k3HqU.woff2 → 200 (1ms, -815B)
[2026-07-28T00:45:18.805Z] GET https://fonts.gstatic.com/s/inter/v20/UcC73FwrK3iLTeHuS_nVMrMxCp50SjIa0ZL7W0Q5n-wU.woff2 → 200 (1ms, -815B)
[2026-07-28T00:45:18.805Z] GET https://fonts.gstatic.com/s/dmmono/v16/aFTU7PB1QTsUX8KYthqQBK6PYK0.woff2 → 200 (?ms, -814B)
[2026-07-28T00:45:18.805Z] GET https://fonts.gstatic.com/s/inter/v20/UcC73FwrK3iLTeHuS_nVMrMxCp50SjIa1ZL7W0Q5nw.woff2 → 200 (1ms, -815B)
[2026-07-28T00:45:18.805Z] GET https://fonts.gstatic.com/s/inter/v20/UcC73FwrK3iLTeHuS_nVMrMxCp50SjIa25L7W0Q5n-wU.woff2 → 200 (230ms, 85311B)
[2026-07-28T00:45:22.089Z] GET file:///Users/jopajopish/Desktop/avito-sites/demo/banya/index.html → 200 (1ms, 4107B)
[2026-07-28T00:45:22.094Z] GET https://fonts.googleapis.com/css2?family=DM+Mono:wght@400;500&family=Inter:wght@400;500&display=swap → 200 (1ms, -698B)
[2026-07-28T00:45:22.094Z] GET file:///Users/jopajopish/Desktop/avito-sites/demo/redesign.css → 200 (1ms, 71186B)
[2026-07-28T00:45:22.094Z] GET file:///Users/jopajopish/Desktop/avito-sites/demo/redesign.js → 200 (1ms, 10274B)
[2026-07-28T00:45:22.094Z] GET file:///Users/jopajopish/Desktop/avito-sites/demo/stage.js → 200 (1ms, 12291B)
[2026-07-28T00:45:22.103Z] GET file:///Users/jopajopish/Desktop/avito-sites/demo/assets/banya.jpg → 200 (2ms, 219034B)
[2026-07-28T00:45:22.104Z] GET https://fonts.gstatic.com/s/inter/v20/UcC73FwrK3iLTeHuS_nVMrMxCp50SjIa0ZL7W0Q5n-wU.woff2 → 200 (1ms, -815B)
[2026-07-28T00:45:22.104Z] GET https://fonts.gstatic.com/s/inter/v20/UcC73FwrK3iLTeHuS_nVMrMxCp50SjIa1ZL7W0Q5nw.woff2 → 200 (5ms, -815B)
[2026-07-28T00:45:22.104Z] GET https://fonts.gstatic.com/s/dmmono/v16/aFTU7PB1QTsUX8KYthqQBK6PYK0.woff2 → 200 (5ms, -814B)
[2026-07-28T00:45:22.104Z] GET https://fonts.gstatic.com/s/dmmono/v16/aFTU7PB1QTsUX8KYthSQBK6PYK3EXw.woff2 → 200 (5ms, -814B)
[2026-07-28T00:45:25.475Z] GET file:///Users/jopajopish/Desktop/avito-sites/demo/detailing/index.html → 200 (1ms, 4602B)
[2026-07-28T00:45:25.484Z] GET https://fonts.googleapis.com/css2?family=DM+Mono:wght@400;500&family=Space+Grotesk:wght@500;600;700&display=swap → 200 (1ms, -698B)
[2026-07-28T00:45:25.484Z] GET file:///Users/jopajopish/Desktop/avito-sites/demo/redesign.css → 200 (1ms, 71186B)
[2026-07-28T00:45:25.484Z] GET file:///Users/jopajopish/Desktop/avito-sites/demo/redesign.js → 200 (1ms, 10274B)
[2026-07-28T00:45:25.484Z] GET file:///Users/jopajopish/Desktop/avito-sites/demo/stage.js → 200 (1ms, 12291B)
[2026-07-28T00:45:25.488Z] GET file:///Users/jopajopish/Desktop/avito-sites/demo/assets/detailing-before.jpg → 200 (?ms, 363988B)
[2026-07-28T00:45:25.488Z] GET file:///Users/jopajopish/Desktop/avito-sites/demo/assets/detailing-after.jpg → 200 (?ms, 299146B)
[2026-07-28T00:45:25.488Z] GET https://fonts.gstatic.com/s/spacegrotesk/v22/V8mDoQDjQSkFtoMM3T6r8E7mPbF4C_k3HqU.woff2 → 200 (?ms, -815B)
[2026-07-28T00:45:25.488Z] GET https://fonts.gstatic.com/s/dmmono/v16/aFTU7PB1QTsUX8KYthqQBK6PYK0.woff2 → 200 (?ms, -814B)
[2026-07-28T00:45:25.494Z] GET https://fonts.gstatic.com/s/dmmono/v16/aFTR7PB1QTsUX8KYvumzEYOtbYf-Vlg.woff2 → 200 (1ms, -814B)
[2026-07-28T00:45:25.494Z] GET https://fonts.gstatic.com/s/dmmono/v16/aFTU7PB1QTsUX8KYthSQBK6PYK3EXw.woff2 → 200 (1ms, -814B)
[2026-07-28T00:46:14.759Z] GET file:///Users/jopajopish/Desktop/avito-sites/demo/dental/index.html → 200 (?ms, 4628B)
[2026-07-28T00:46:14.763Z] GET https://fonts.googleapis.com/css2?family=DM+Mono:wght@400;500&family=Inter:wght@400;500&family=Space+Grotesk:wght@500;600;700&display=swap → 200 (2ms, -698B)
[2026-07-28T00:46:14.763Z] GET file:///Users/jopajopish/Desktop/avito-sites/demo/redesign.css → 200 (2ms, 71186B)
[2026-07-28T00:46:14.764Z] GET file:///Users/jopajopish/Desktop/avito-sites/demo/redesign.js → 200 (1ms, 10274B)
[2026-07-28T00:46:14.764Z] GET file:///Users/jopajopish/Desktop/avito-sites/demo/stage.js → 200 (1ms, 12513B)
[2026-07-28T00:46:14.773Z] GET https://fonts.gstatic.com/s/spacegrotesk/v22/V8mDoQDjQSkFtoMM3T6r8E7mPbF4C_k3HqU.woff2 → 200 (2ms, -815B)
[2026-07-28T00:46:14.773Z] GET https://fonts.gstatic.com/s/inter/v20/UcC73FwrK3iLTeHuS_nVMrMxCp50SjIa0ZL7W0Q5n-wU.woff2 → 200 (2ms, -815B)
[2026-07-28T00:46:14.773Z] GET https://fonts.gstatic.com/s/dmmono/v16/aFTU7PB1QTsUX8KYthqQBK6PYK0.woff2 → 200 (2ms, -814B)
[2026-07-28T00:46:14.773Z] GET https://fonts.gstatic.com/s/inter/v20/UcC73FwrK3iLTeHuS_nVMrMxCp50SjIa1ZL7W0Q5nw.woff2 → 200 (3ms, -815B)
[2026-07-28T00:46:14.773Z] GET https://fonts.gstatic.com/s/inter/v20/UcC73FwrK3iLTeHuS_nVMrMxCp50SjIa25L7W0Q5n-wU.woff2 → 200 (3ms, -815B)
[2026-07-28T00:47:05.784Z] GET file:///Users/jopajopish/Desktop/avito-sites/demo/dental/index.html → 200 (1ms, 4628B)
[2026-07-28T00:47:05.790Z] GET https://fonts.googleapis.com/css2?family=DM+Mono:wght@400;500&family=Inter:wght@400;500&family=Space+Grotesk:wght@500;600;700&display=swap → 200 (1ms, -698B)
[2026-07-28T00:47:05.790Z] GET file:///Users/jopajopish/Desktop/avito-sites/demo/redesign.css → 200 (1ms, 71186B)
[2026-07-28T00:47:05.790Z] GET file:///Users/jopajopish/Desktop/avito-sites/demo/redesign.js → 200 (2ms, 10274B)
[2026-07-28T00:47:05.790Z] GET file:///Users/jopajopish/Desktop/avito-sites/demo/stage.js → 200 (2ms, 12567B)
[2026-07-28T00:47:05.797Z] GET https://fonts.gstatic.com/s/spacegrotesk/v22/V8mDoQDjQSkFtoMM3T6r8E7mPbF4C_k3HqU.woff2 → 200 (3ms, -815B)
[2026-07-28T00:47:05.798Z] GET https://fonts.gstatic.com/s/inter/v20/UcC73FwrK3iLTeHuS_nVMrMxCp50SjIa0ZL7W0Q5n-wU.woff2 → 200 (1ms, -815B)
[2026-07-28T00:47:05.798Z] GET https://fonts.gstatic.com/s/dmmono/v16/aFTU7PB1QTsUX8KYthqQBK6PYK0.woff2 → 200 (1ms, -814B)
[2026-07-28T00:47:05.798Z] GET https://fonts.gstatic.com/s/inter/v20/UcC73FwrK3iLTeHuS_nVMrMxCp50SjIa1ZL7W0Q5nw.woff2 → 200 (2ms, -815B)
[2026-07-28T00:47:05.798Z] GET https://fonts.gstatic.com/s/inter/v20/UcC73FwrK3iLTeHuS_nVMrMxCp50SjIa25L7W0Q5n-wU.woff2 → 200 (17ms, -815B)
[2026-07-28T00:47:56.205Z] GET file:///Users/jopajopish/Desktop/avito-sites/demo/dental/index.html → 200 (1ms, 4628B)
[2026-07-28T00:47:56.211Z] GET https://fonts.googleapis.com/css2?family=DM+Mono:wght@400;500&family=Inter:wght@400;500&family=Space+Grotesk:wght@500;600;700&display=swap → 200 (2ms, -698B)
[2026-07-28T00:47:56.211Z] GET file:///Users/jopajopish/Desktop/avito-sites/demo/redesign.css → 200 (2ms, 71186B)
[2026-07-28T00:47:56.211Z] GET file:///Users/jopajopish/Desktop/avito-sites/demo/redesign.js → 200 (2ms, 10274B)
[2026-07-28T00:47:56.211Z] GET file:///Users/jopajopish/Desktop/avito-sites/demo/stage.js → 200 (2ms, 12620B)
[2026-07-28T00:47:56.219Z] GET https://fonts.gstatic.com/s/spacegrotesk/v22/V8mDoQDjQSkFtoMM3T6r8E7mPbF4C_k3HqU.woff2 → 200 (2ms, -815B)
[2026-07-28T00:47:56.219Z] GET https://fonts.gstatic.com/s/inter/v20/UcC73FwrK3iLTeHuS_nVMrMxCp50SjIa0ZL7W0Q5n-wU.woff2 → 200 (2ms, -815B)
[2026-07-28T00:47:56.219Z] GET https://fonts.gstatic.com/s/dmmono/v16/aFTU7PB1QTsUX8KYthqQBK6PYK0.woff2 → 200 (2ms, -814B)
[2026-07-28T00:47:56.219Z] GET https://fonts.gstatic.com/s/inter/v20/UcC73FwrK3iLTeHuS_nVMrMxCp50SjIa1ZL7W0Q5nw.woff2 → 200 (2ms, -815B)
[2026-07-28T00:47:56.219Z] GET https://fonts.gstatic.com/s/inter/v20/UcC73FwrK3iLTeHuS_nVMrMxCp50SjIa25L7W0Q5n-wU.woff2 → 200 (15ms, -815B)
[2026-07-28T00:49:10.094Z] GET file:///Users/jopajopish/Desktop/avito-sites/demo/detailing/index.html → 200 (8ms, 4611B)
[2026-07-28T00:49:10.110Z] GET https://fonts.googleapis.com/css2?family=DM+Mono:wght@400;500&family=Space+Grotesk:wght@500;600;700&display=swap → 200 (2ms, -698B)
[2026-07-28T00:49:10.110Z] GET file:///Users/jopajopish/Desktop/avito-sites/demo/redesign.css → 200 (1ms, 71391B)
[2026-07-28T00:49:10.110Z] GET file:///Users/jopajopish/Desktop/avito-sites/demo/redesign.js → 200 (3ms, 10274B)
[2026-07-28T00:49:10.111Z] GET file:///Users/jopajopish/Desktop/avito-sites/demo/stage.js → 200 (2ms, 12620B)
[2026-07-28T00:49:10.119Z] GET file:///Users/jopajopish/Desktop/avito-sites/demo/assets/detailing-before.jpg → 200 (6ms, 363988B)
[2026-07-28T00:49:10.119Z] GET file:///Users/jopajopish/Desktop/avito-sites/demo/assets/detailing-after.jpg → 200 (6ms, 299146B)
[2026-07-28T00:49:10.124Z] GET https://fonts.gstatic.com/s/spacegrotesk/v22/V8mDoQDjQSkFtoMM3T6r8E7mPbF4C_k3HqU.woff2 → 200 (2ms, -815B)
[2026-07-28T00:49:10.125Z] GET https://fonts.gstatic.com/s/dmmono/v16/aFTU7PB1QTsUX8KYthqQBK6PYK0.woff2 → 200 (?ms, -814B)
[2026-07-28T00:49:10.126Z] GET https://fonts.gstatic.com/s/dmmono/v16/aFTR7PB1QTsUX8KYvumzEYOtbYf-Vlg.woff2 → 200 (1ms, -814B)
[2026-07-28T00:49:10.126Z] GET https://fonts.gstatic.com/s/dmmono/v16/aFTU7PB1QTsUX8KYthSQBK6PYK3EXw.woff2 → 200 (?ms, -814B)
